<!doctype html public "-//w3c//dtd html 4.0 transitional//en">
<html><head>
<title>Static Call Graph - [.\Objects\relay_with_kl46z.axf]</title></head>
<body><HR>
<H1>Static Call Graph for image .\Objects\relay_with_kl46z.axf</H1><HR>
<BR><P>#&#060CALLGRAPH&#062# ARM Linker, 5060528: Last Updated: Sun Feb 10 19:49:43 2019
<BR><P>
<H3>Maximum Stack Usage =         44 bytes + Unknown(Functions without stacksize, Cycles, Untraceable Function Pointers)</H3><H3>
Call chain for Maximum Stack Depth:</H3>
__rt_entry_main &rArr; main &rArr; initPins &rArr; enablePin &rArr; __ARM_common_switch8
<P>
<H3>
Functions with no stack information
</H3><UL>
 <LI><a href="#[2f]">__user_initial_stackheap</a>
</UL>
</UL>
<P>
<H3>
Mutually Recursive functions
</H3> <LI><a href="#[6]">NMI_Handler</a>&nbsp;&nbsp;&nbsp;&rArr;&nbsp;&nbsp;&nbsp;<a href="#[6]">NMI_Handler</a><BR>
 <LI><a href="#[7]">HardFault_Handler</a>&nbsp;&nbsp;&nbsp;&rArr;&nbsp;&nbsp;&nbsp;<a href="#[7]">HardFault_Handler</a><BR>
 <LI><a href="#[8]">SVC_Handler</a>&nbsp;&nbsp;&nbsp;&rArr;&nbsp;&nbsp;&nbsp;<a href="#[8]">SVC_Handler</a><BR>
 <LI><a href="#[9]">PendSV_Handler</a>&nbsp;&nbsp;&nbsp;&rArr;&nbsp;&nbsp;&nbsp;<a href="#[9]">PendSV_Handler</a><BR>
 <LI><a href="#[a]">SysTick_Handler</a>&nbsp;&nbsp;&nbsp;&rArr;&nbsp;&nbsp;&nbsp;<a href="#[a]">SysTick_Handler</a><BR>
 <LI><a href="#[1a]">ADC0_IRQHandler</a>&nbsp;&nbsp;&nbsp;&rArr;&nbsp;&nbsp;&nbsp;<a href="#[1a]">ADC0_IRQHandler</a><BR>
</UL>
<P>
<H3>
Function Pointers
</H3><UL>
 <LI><a href="#[1a]">ADC0_IRQHandler</a> from startup_mkl46z4.o(.text) referenced from startup_mkl46z4.o(RESET)
 <LI><a href="#[1b]">CMP0_IRQHandler</a> from startup_mkl46z4.o(.text) referenced from startup_mkl46z4.o(RESET)
 <LI><a href="#[24]">DAC0_IRQHandler</a> from startup_mkl46z4.o(.text) referenced from startup_mkl46z4.o(RESET)
 <LI><a href="#[b]">DMA0_IRQHandler</a> from startup_mkl46z4.o(.text) referenced from startup_mkl46z4.o(RESET)
 <LI><a href="#[c]">DMA1_IRQHandler</a> from startup_mkl46z4.o(.text) referenced from startup_mkl46z4.o(RESET)
 <LI><a href="#[d]">DMA2_IRQHandler</a> from startup_mkl46z4.o(.text) referenced from startup_mkl46z4.o(RESET)
 <LI><a href="#[e]">DMA3_IRQHandler</a> from startup_mkl46z4.o(.text) referenced from startup_mkl46z4.o(RESET)
 <LI><a href="#[10]">FTFA_IRQHandler</a> from startup_mkl46z4.o(.text) referenced from startup_mkl46z4.o(RESET)
 <LI><a href="#[7]">HardFault_Handler</a> from startup_mkl46z4.o(.text) referenced from startup_mkl46z4.o(RESET)
 <LI><a href="#[13]">I2C0_IRQHandler</a> from startup_mkl46z4.o(.text) referenced from startup_mkl46z4.o(RESET)
 <LI><a href="#[14]">I2C1_IRQHandler</a> from startup_mkl46z4.o(.text) referenced from startup_mkl46z4.o(RESET)
 <LI><a href="#[22]">I2S0_IRQHandler</a> from startup_mkl46z4.o(.text) referenced from startup_mkl46z4.o(RESET)
 <LI><a href="#[28]">LCD_IRQHandler</a> from startup_mkl46z4.o(.text) referenced from startup_mkl46z4.o(RESET)
 <LI><a href="#[12]">LLW_IRQHandler</a> from startup_mkl46z4.o(.text) referenced from startup_mkl46z4.o(RESET)
 <LI><a href="#[27]">LPTimer_IRQHandler</a> from startup_mkl46z4.o(.text) referenced from startup_mkl46z4.o(RESET)
 <LI><a href="#[11]">LVD_LVW_IRQHandler</a> from startup_mkl46z4.o(.text) referenced from startup_mkl46z4.o(RESET)
 <LI><a href="#[26]">MCG_IRQHandler</a> from startup_mkl46z4.o(.text) referenced from startup_mkl46z4.o(RESET)
 <LI><a href="#[6]">NMI_Handler</a> from startup_mkl46z4.o(.text) referenced from startup_mkl46z4.o(RESET)
 <LI><a href="#[21]">PIT_IRQHandler</a> from pittimer.o(i.PIT_IRQHandler) referenced from startup_mkl46z4.o(RESET)
 <LI><a href="#[29]">PORTA_IRQHandler</a> from startup_mkl46z4.o(.text) referenced from startup_mkl46z4.o(RESET)
 <LI><a href="#[2a]">PORTC_PORTD_IRQHandler</a> from startup_mkl46z4.o(.text) referenced from startup_mkl46z4.o(RESET)
 <LI><a href="#[9]">PendSV_Handler</a> from startup_mkl46z4.o(.text) referenced from startup_mkl46z4.o(RESET)
 <LI><a href="#[1f]">RTC_IRQHandler</a> from startup_mkl46z4.o(.text) referenced from startup_mkl46z4.o(RESET)
 <LI><a href="#[20]">RTC_Seconds_IRQHandler</a> from startup_mkl46z4.o(.text) referenced from startup_mkl46z4.o(RESET)
 <LI><a href="#[f]">Reserved20_IRQHandler</a> from startup_mkl46z4.o(.text) referenced from startup_mkl46z4.o(RESET)
 <LI><a href="#[2d]">Reset_Handler</a> from startup_mkl46z4.o(.text) referenced from startup_mkl46z4.o(RESET)
 <LI><a href="#[15]">SPI0_IRQHandler</a> from startup_mkl46z4.o(.text) referenced from startup_mkl46z4.o(RESET)
 <LI><a href="#[16]">SPI1_IRQHandler</a> from startup_mkl46z4.o(.text) referenced from startup_mkl46z4.o(RESET)
 <LI><a href="#[8]">SVC_Handler</a> from startup_mkl46z4.o(.text) referenced from startup_mkl46z4.o(RESET)
 <LI><a href="#[a]">SysTick_Handler</a> from startup_mkl46z4.o(.text) referenced from startup_mkl46z4.o(RESET)
 <LI><a href="#[2b]">SystemInit</a> from system_mkl46z4.o(i.SystemInit) referenced from startup_mkl46z4.o(.text)
 <LI><a href="#[1c]">TPM0_IRQHandler</a> from startup_mkl46z4.o(.text) referenced from startup_mkl46z4.o(RESET)
 <LI><a href="#[1d]">TPM1_IRQHandler</a> from startup_mkl46z4.o(.text) referenced from startup_mkl46z4.o(RESET)
 <LI><a href="#[1e]">TPM2_IRQHandler</a> from startup_mkl46z4.o(.text) referenced from startup_mkl46z4.o(RESET)
 <LI><a href="#[25]">TSI0_IRQHandler</a> from startup_mkl46z4.o(.text) referenced from startup_mkl46z4.o(RESET)
 <LI><a href="#[17]">UART0_IRQHandler</a> from mixedassembly.o(MyCode) referenced from startup_mkl46z4.o(RESET)
 <LI><a href="#[18]">UART1_IRQHandler</a> from startup_mkl46z4.o(.text) referenced from startup_mkl46z4.o(RESET)
 <LI><a href="#[19]">UART2_IRQHandler</a> from startup_mkl46z4.o(.text) referenced from startup_mkl46z4.o(RESET)
 <LI><a href="#[23]">USB0_IRQHandler</a> from startup_mkl46z4.o(.text) referenced from startup_mkl46z4.o(RESET)
 <LI><a href="#[2e]">__main</a> from __main.o(!!!main) referenced from startup_mkl46z4.o(.text)
</UL>
<P>
<H3>
Global Symbols
</H3>
<P><STRONG><a name="[2e]"></a>__main</STRONG> (Thumb, 8 bytes, Stack size 0 bytes, __main.o(!!!main))
<BR><BR>[Calls]<UL><LI><a href="#[31]">&gt;&gt;</a>&nbsp;&nbsp;&nbsp;__scatterload
<LI><a href="#[32]">&gt;&gt;</a>&nbsp;&nbsp;&nbsp;__rt_entry
</UL>

<P><STRONG><a name="[31]"></a>__scatterload</STRONG> (Thumb, 0 bytes, Stack size unknown bytes, __scatter.o(!!!scatter))
<BR><BR>[Called By]<UL><LI><a href="#[2e]">&gt;&gt;</a>&nbsp;&nbsp;&nbsp;__main
</UL>

<P><STRONG><a name="[33]"></a>__scatterload_rt2</STRONG> (Thumb, 52 bytes, Stack size unknown bytes, __scatter.o(!!!scatter), UNUSED)
<BR><BR>[Calls]<UL><LI><a href="#[32]">&gt;&gt;</a>&nbsp;&nbsp;&nbsp;__rt_entry
</UL>

<P><STRONG><a name="[56]"></a>__scatterload_rt2_thumb_only</STRONG> (Thumb, 0 bytes, Stack size unknown bytes, __scatter.o(!!!scatter), UNUSED)

<P><STRONG><a name="[57]"></a>__scatterload_null</STRONG> (Thumb, 0 bytes, Stack size unknown bytes, __scatter.o(!!!scatter), UNUSED)

<P><STRONG><a name="[58]"></a>__scatterload_zeroinit</STRONG> (Thumb, 28 bytes, Stack size unknown bytes, __scatter_zi.o(!!handler_zi), UNUSED)

<P><STRONG><a name="[37]"></a>__rt_lib_init</STRONG> (Thumb, 0 bytes, Stack size unknown bytes, libinit.o(.ARM.Collect$$libinit$$00000000))
<BR><BR>[Called By]<UL><LI><a href="#[36]">&gt;&gt;</a>&nbsp;&nbsp;&nbsp;__rt_entry_li
</UL>

<P><STRONG><a name="[59]"></a>__rt_lib_init_alloca_1</STRONG> (Thumb, 0 bytes, Stack size unknown bytes, libinit2.o(.ARM.Collect$$libinit$$0000002E))

<P><STRONG><a name="[5a]"></a>__rt_lib_init_argv_1</STRONG> (Thumb, 0 bytes, Stack size unknown bytes, libinit2.o(.ARM.Collect$$libinit$$0000002C))

<P><STRONG><a name="[5b]"></a>__rt_lib_init_atexit_1</STRONG> (Thumb, 0 bytes, Stack size unknown bytes, libinit2.o(.ARM.Collect$$libinit$$0000001B))

<P><STRONG><a name="[5c]"></a>__rt_lib_init_clock_1</STRONG> (Thumb, 0 bytes, Stack size unknown bytes, libinit2.o(.ARM.Collect$$libinit$$00000021))

<P><STRONG><a name="[5d]"></a>__rt_lib_init_cpp_1</STRONG> (Thumb, 0 bytes, Stack size unknown bytes, libinit2.o(.ARM.Collect$$libinit$$00000032))

<P><STRONG><a name="[5e]"></a>__rt_lib_init_exceptions_1</STRONG> (Thumb, 0 bytes, Stack size unknown bytes, libinit2.o(.ARM.Collect$$libinit$$00000030))

<P><STRONG><a name="[5f]"></a>__rt_lib_init_fp_1</STRONG> (Thumb, 0 bytes, Stack size unknown bytes, libinit2.o(.ARM.Collect$$libinit$$00000002))

<P><STRONG><a name="[60]"></a>__rt_lib_init_fp_trap_1</STRONG> (Thumb, 0 bytes, Stack size unknown bytes, libinit2.o(.ARM.Collect$$libinit$$0000001F))

<P><STRONG><a name="[61]"></a>__rt_lib_init_getenv_1</STRONG> (Thumb, 0 bytes, Stack size unknown bytes, libinit2.o(.ARM.Collect$$libinit$$00000023))

<P><STRONG><a name="[62]"></a>__rt_lib_init_heap_1</STRONG> (Thumb, 0 bytes, Stack size unknown bytes, libinit2.o(.ARM.Collect$$libinit$$0000000A))

<P><STRONG><a name="[63]"></a>__rt_lib_init_lc_collate_1</STRONG> (Thumb, 0 bytes, Stack size unknown bytes, libinit2.o(.ARM.Collect$$libinit$$00000011))

<P><STRONG><a name="[64]"></a>__rt_lib_init_lc_ctype_1</STRONG> (Thumb, 0 bytes, Stack size unknown bytes, libinit2.o(.ARM.Collect$$libinit$$00000013))

<P><STRONG><a name="[65]"></a>__rt_lib_init_lc_monetary_1</STRONG> (Thumb, 0 bytes, Stack size unknown bytes, libinit2.o(.ARM.Collect$$libinit$$00000015))

<P><STRONG><a name="[66]"></a>__rt_lib_init_lc_numeric_1</STRONG> (Thumb, 0 bytes, Stack size unknown bytes, libinit2.o(.ARM.Collect$$libinit$$00000017))

<P><STRONG><a name="[67]"></a>__rt_lib_init_lc_time_1</STRONG> (Thumb, 0 bytes, Stack size unknown bytes, libinit2.o(.ARM.Collect$$libinit$$00000019))

<P><STRONG><a name="[68]"></a>__rt_lib_init_preinit_1</STRONG> (Thumb, 0 bytes, Stack size unknown bytes, libinit2.o(.ARM.Collect$$libinit$$00000004))

<P><STRONG><a name="[69]"></a>__rt_lib_init_rand_1</STRONG> (Thumb, 0 bytes, Stack size unknown bytes, libinit2.o(.ARM.Collect$$libinit$$0000000E))

<P><STRONG><a name="[6a]"></a>__rt_lib_init_return</STRONG> (Thumb, 0 bytes, Stack size unknown bytes, libinit2.o(.ARM.Collect$$libinit$$00000033))

<P><STRONG><a name="[6b]"></a>__rt_lib_init_signal_1</STRONG> (Thumb, 0 bytes, Stack size unknown bytes, libinit2.o(.ARM.Collect$$libinit$$0000001D))

<P><STRONG><a name="[6c]"></a>__rt_lib_init_stdio_1</STRONG> (Thumb, 0 bytes, Stack size unknown bytes, libinit2.o(.ARM.Collect$$libinit$$00000025))

<P><STRONG><a name="[6d]"></a>__rt_lib_init_user_alloc_1</STRONG> (Thumb, 0 bytes, Stack size unknown bytes, libinit2.o(.ARM.Collect$$libinit$$0000000C))

<P><STRONG><a name="[3c]"></a>__rt_lib_shutdown</STRONG> (Thumb, 0 bytes, Stack size unknown bytes, libshutdown.o(.ARM.Collect$$libshutdown$$00000000))
<BR><BR>[Called By]<UL><LI><a href="#[3b]">&gt;&gt;</a>&nbsp;&nbsp;&nbsp;__rt_exit_ls
</UL>

<P><STRONG><a name="[6e]"></a>__rt_lib_shutdown_cpp_1</STRONG> (Thumb, 0 bytes, Stack size unknown bytes, libshutdown2.o(.ARM.Collect$$libshutdown$$00000002))

<P><STRONG><a name="[6f]"></a>__rt_lib_shutdown_fp_trap_1</STRONG> (Thumb, 0 bytes, Stack size unknown bytes, libshutdown2.o(.ARM.Collect$$libshutdown$$00000007))

<P><STRONG><a name="[70]"></a>__rt_lib_shutdown_heap_1</STRONG> (Thumb, 0 bytes, Stack size unknown bytes, libshutdown2.o(.ARM.Collect$$libshutdown$$0000000F))

<P><STRONG><a name="[71]"></a>__rt_lib_shutdown_return</STRONG> (Thumb, 0 bytes, Stack size unknown bytes, libshutdown2.o(.ARM.Collect$$libshutdown$$00000010))

<P><STRONG><a name="[72]"></a>__rt_lib_shutdown_signal_1</STRONG> (Thumb, 0 bytes, Stack size unknown bytes, libshutdown2.o(.ARM.Collect$$libshutdown$$0000000A))

<P><STRONG><a name="[73]"></a>__rt_lib_shutdown_stdio_1</STRONG> (Thumb, 0 bytes, Stack size unknown bytes, libshutdown2.o(.ARM.Collect$$libshutdown$$00000004))

<P><STRONG><a name="[74]"></a>__rt_lib_shutdown_user_alloc_1</STRONG> (Thumb, 0 bytes, Stack size unknown bytes, libshutdown2.o(.ARM.Collect$$libshutdown$$0000000C))

<P><STRONG><a name="[32]"></a>__rt_entry</STRONG> (Thumb, 0 bytes, Stack size unknown bytes, __rtentry.o(.ARM.Collect$$rtentry$$00000000))
<BR><BR>[Called By]<UL><LI><a href="#[33]">&gt;&gt;</a>&nbsp;&nbsp;&nbsp;__scatterload_rt2
<LI><a href="#[2e]">&gt;&gt;</a>&nbsp;&nbsp;&nbsp;__main
</UL>

<P><STRONG><a name="[75]"></a>__rt_entry_presh_1</STRONG> (Thumb, 0 bytes, Stack size unknown bytes, __rtentry2.o(.ARM.Collect$$rtentry$$00000002))

<P><STRONG><a name="[34]"></a>__rt_entry_sh</STRONG> (Thumb, 0 bytes, Stack size unknown bytes, __rtentry4.o(.ARM.Collect$$rtentry$$00000004))
<BR><BR>[Stack]<UL><LI>Max Depth = 8 + Unknown Stack Size
<LI>Call Chain = __rt_entry_sh &rArr; __user_setup_stackheap
</UL>
<BR>[Calls]<UL><LI><a href="#[35]">&gt;&gt;</a>&nbsp;&nbsp;&nbsp;__user_setup_stackheap
</UL>

<P><STRONG><a name="[36]"></a>__rt_entry_li</STRONG> (Thumb, 0 bytes, Stack size unknown bytes, __rtentry2.o(.ARM.Collect$$rtentry$$0000000A))
<BR><BR>[Calls]<UL><LI><a href="#[37]">&gt;&gt;</a>&nbsp;&nbsp;&nbsp;__rt_lib_init
</UL>

<P><STRONG><a name="[76]"></a>__rt_entry_postsh_1</STRONG> (Thumb, 0 bytes, Stack size unknown bytes, __rtentry2.o(.ARM.Collect$$rtentry$$00000009))

<P><STRONG><a name="[38]"></a>__rt_entry_main</STRONG> (Thumb, 0 bytes, Stack size unknown bytes, __rtentry2.o(.ARM.Collect$$rtentry$$0000000D))
<BR><BR>[Stack]<UL><LI>Max Depth = 44 + Unknown Stack Size
<LI>Call Chain = __rt_entry_main &rArr; main &rArr; initPins &rArr; enablePin &rArr; __ARM_common_switch8
</UL>
<BR>[Calls]<UL><LI><a href="#[3a]">&gt;&gt;</a>&nbsp;&nbsp;&nbsp;exit
<LI><a href="#[39]">&gt;&gt;</a>&nbsp;&nbsp;&nbsp;main
</UL>

<P><STRONG><a name="[77]"></a>__rt_entry_postli_1</STRONG> (Thumb, 0 bytes, Stack size unknown bytes, __rtentry2.o(.ARM.Collect$$rtentry$$0000000C))

<P><STRONG><a name="[41]"></a>__rt_exit</STRONG> (Thumb, 0 bytes, Stack size unknown bytes, rtexit.o(.ARM.Collect$$rtexit$$00000000))
<BR><BR>[Called By]<UL><LI><a href="#[3a]">&gt;&gt;</a>&nbsp;&nbsp;&nbsp;exit
</UL>

<P><STRONG><a name="[3b]"></a>__rt_exit_ls</STRONG> (Thumb, 0 bytes, Stack size unknown bytes, rtexit2.o(.ARM.Collect$$rtexit$$00000003))
<BR><BR>[Calls]<UL><LI><a href="#[3c]">&gt;&gt;</a>&nbsp;&nbsp;&nbsp;__rt_lib_shutdown
</UL>

<P><STRONG><a name="[78]"></a>__rt_exit_prels_1</STRONG> (Thumb, 0 bytes, Stack size unknown bytes, rtexit2.o(.ARM.Collect$$rtexit$$00000002))

<P><STRONG><a name="[3d]"></a>__rt_exit_exit</STRONG> (Thumb, 0 bytes, Stack size unknown bytes, rtexit2.o(.ARM.Collect$$rtexit$$00000004))
<BR><BR>[Calls]<UL><LI><a href="#[3e]">&gt;&gt;</a>&nbsp;&nbsp;&nbsp;_sys_exit
</UL>

<P><STRONG><a name="[2d]"></a>Reset_Handler</STRONG> (Thumb, 8 bytes, Stack size 0 bytes, startup_mkl46z4.o(.text))

<P><STRONG><a name="[6]"></a>NMI_Handler</STRONG> (Thumb, 2 bytes, Stack size 0 bytes, startup_mkl46z4.o(.text))
<BR><BR>[Calls]<UL><LI><a href="#[6]">&gt;&gt;</a>&nbsp;&nbsp;&nbsp;NMI_Handler
</UL>
<BR>[Called By]<UL><LI><a href="#[6]">&gt;&gt;</a>&nbsp;&nbsp;&nbsp;NMI_Handler
</UL>
<BR>[Address Reference Count : 1]<UL><LI> startup_mkl46z4.o(RESET)
</UL>
<P><STRONG><a name="[7]"></a>HardFault_Handler</STRONG> (Thumb, 2 bytes, Stack size 0 bytes, startup_mkl46z4.o(.text))
<BR><BR>[Calls]<UL><LI><a href="#[7]">&gt;&gt;</a>&nbsp;&nbsp;&nbsp;HardFault_Handler
</UL>
<BR>[Called By]<UL><LI><a href="#[7]">&gt;&gt;</a>&nbsp;&nbsp;&nbsp;HardFault_Handler
</UL>
<BR>[Address Reference Count : 1]<UL><LI> startup_mkl46z4.o(RESET)
</UL>
<P><STRONG><a name="[8]"></a>SVC_Handler</STRONG> (Thumb, 2 bytes, Stack size 0 bytes, startup_mkl46z4.o(.text))
<BR><BR>[Calls]<UL><LI><a href="#[8]">&gt;&gt;</a>&nbsp;&nbsp;&nbsp;SVC_Handler
</UL>
<BR>[Called By]<UL><LI><a href="#[8]">&gt;&gt;</a>&nbsp;&nbsp;&nbsp;SVC_Handler
</UL>
<BR>[Address Reference Count : 1]<UL><LI> startup_mkl46z4.o(RESET)
</UL>
<P><STRONG><a name="[9]"></a>PendSV_Handler</STRONG> (Thumb, 2 bytes, Stack size 0 bytes, startup_mkl46z4.o(.text))
<BR><BR>[Calls]<UL><LI><a href="#[9]">&gt;&gt;</a>&nbsp;&nbsp;&nbsp;PendSV_Handler
</UL>
<BR>[Called By]<UL><LI><a href="#[9]">&gt;&gt;</a>&nbsp;&nbsp;&nbsp;PendSV_Handler
</UL>
<BR>[Address Reference Count : 1]<UL><LI> startup_mkl46z4.o(RESET)
</UL>
<P><STRONG><a name="[a]"></a>SysTick_Handler</STRONG> (Thumb, 2 bytes, Stack size 0 bytes, startup_mkl46z4.o(.text))
<BR><BR>[Calls]<UL><LI><a href="#[a]">&gt;&gt;</a>&nbsp;&nbsp;&nbsp;SysTick_Handler
</UL>
<BR>[Called By]<UL><LI><a href="#[a]">&gt;&gt;</a>&nbsp;&nbsp;&nbsp;SysTick_Handler
</UL>
<BR>[Address Reference Count : 1]<UL><LI> startup_mkl46z4.o(RESET)
</UL>
<P><STRONG><a name="[1a]"></a>ADC0_IRQHandler</STRONG> (Thumb, 0 bytes, Stack size 0 bytes, startup_mkl46z4.o(.text))
<BR><BR>[Calls]<UL><LI><a href="#[1a]">&gt;&gt;</a>&nbsp;&nbsp;&nbsp;ADC0_IRQHandler
</UL>
<BR>[Called By]<UL><LI><a href="#[1a]">&gt;&gt;</a>&nbsp;&nbsp;&nbsp;ADC0_IRQHandler
</UL>
<BR>[Address Reference Count : 1]<UL><LI> startup_mkl46z4.o(RESET)
</UL>
<P><STRONG><a name="[1b]"></a>CMP0_IRQHandler</STRONG> (Thumb, 0 bytes, Stack size 0 bytes, startup_mkl46z4.o(.text))
<BR>[Address Reference Count : 1]<UL><LI> startup_mkl46z4.o(RESET)
</UL>
<P><STRONG><a name="[24]"></a>DAC0_IRQHandler</STRONG> (Thumb, 0 bytes, Stack size 0 bytes, startup_mkl46z4.o(.text))
<BR>[Address Reference Count : 1]<UL><LI> startup_mkl46z4.o(RESET)
</UL>
<P><STRONG><a name="[b]"></a>DMA0_IRQHandler</STRONG> (Thumb, 0 bytes, Stack size 0 bytes, startup_mkl46z4.o(.text))
<BR>[Address Reference Count : 1]<UL><LI> startup_mkl46z4.o(RESET)
</UL>
<P><STRONG><a name="[c]"></a>DMA1_IRQHandler</STRONG> (Thumb, 0 bytes, Stack size 0 bytes, startup_mkl46z4.o(.text))
<BR>[Address Reference Count : 1]<UL><LI> startup_mkl46z4.o(RESET)
</UL>
<P><STRONG><a name="[d]"></a>DMA2_IRQHandler</STRONG> (Thumb, 0 bytes, Stack size 0 bytes, startup_mkl46z4.o(.text))
<BR>[Address Reference Count : 1]<UL><LI> startup_mkl46z4.o(RESET)
</UL>
<P><STRONG><a name="[e]"></a>DMA3_IRQHandler</STRONG> (Thumb, 0 bytes, Stack size 0 bytes, startup_mkl46z4.o(.text))
<BR>[Address Reference Count : 1]<UL><LI> startup_mkl46z4.o(RESET)
</UL>
<P><STRONG><a name="[30]"></a>DefaultISR</STRONG> (Thumb, 0 bytes, Stack size 0 bytes, startup_mkl46z4.o(.text), UNUSED, KEPT)

<P><STRONG><a name="[10]"></a>FTFA_IRQHandler</STRONG> (Thumb, 0 bytes, Stack size 0 bytes, startup_mkl46z4.o(.text))
<BR>[Address Reference Count : 1]<UL><LI> startup_mkl46z4.o(RESET)
</UL>
<P><STRONG><a name="[13]"></a>I2C0_IRQHandler</STRONG> (Thumb, 0 bytes, Stack size 0 bytes, startup_mkl46z4.o(.text))
<BR>[Address Reference Count : 1]<UL><LI> startup_mkl46z4.o(RESET)
</UL>
<P><STRONG><a name="[14]"></a>I2C1_IRQHandler</STRONG> (Thumb, 0 bytes, Stack size 0 bytes, startup_mkl46z4.o(.text))
<BR>[Address Reference Count : 1]<UL><LI> startup_mkl46z4.o(RESET)
</UL>
<P><STRONG><a name="[22]"></a>I2S0_IRQHandler</STRONG> (Thumb, 0 bytes, Stack size 0 bytes, startup_mkl46z4.o(.text))
<BR>[Address Reference Count : 1]<UL><LI> startup_mkl46z4.o(RESET)
</UL>
<P><STRONG><a name="[28]"></a>LCD_IRQHandler</STRONG> (Thumb, 0 bytes, Stack size 0 bytes, startup_mkl46z4.o(.text))
<BR>[Address Reference Count : 1]<UL><LI> startup_mkl46z4.o(RESET)
</UL>
<P><STRONG><a name="[12]"></a>LLW_IRQHandler</STRONG> (Thumb, 0 bytes, Stack size 0 bytes, startup_mkl46z4.o(.text))
<BR>[Address Reference Count : 1]<UL><LI> startup_mkl46z4.o(RESET)
</UL>
<P><STRONG><a name="[27]"></a>LPTimer_IRQHandler</STRONG> (Thumb, 0 bytes, Stack size 0 bytes, startup_mkl46z4.o(.text))
<BR>[Address Reference Count : 1]<UL><LI> startup_mkl46z4.o(RESET)
</UL>
<P><STRONG><a name="[11]"></a>LVD_LVW_IRQHandler</STRONG> (Thumb, 0 bytes, Stack size 0 bytes, startup_mkl46z4.o(.text))
<BR>[Address Reference Count : 1]<UL><LI> startup_mkl46z4.o(RESET)
</UL>
<P><STRONG><a name="[26]"></a>MCG_IRQHandler</STRONG> (Thumb, 0 bytes, Stack size 0 bytes, startup_mkl46z4.o(.text))
<BR>[Address Reference Count : 1]<UL><LI> startup_mkl46z4.o(RESET)
</UL>
<P><STRONG><a name="[29]"></a>PORTA_IRQHandler</STRONG> (Thumb, 0 bytes, Stack size 0 bytes, startup_mkl46z4.o(.text))
<BR>[Address Reference Count : 1]<UL><LI> startup_mkl46z4.o(RESET)
</UL>
<P><STRONG><a name="[2a]"></a>PORTC_PORTD_IRQHandler</STRONG> (Thumb, 0 bytes, Stack size 0 bytes, startup_mkl46z4.o(.text))
<BR>[Address Reference Count : 1]<UL><LI> startup_mkl46z4.o(RESET)
</UL>
<P><STRONG><a name="[1f]"></a>RTC_IRQHandler</STRONG> (Thumb, 0 bytes, Stack size 0 bytes, startup_mkl46z4.o(.text))
<BR>[Address Reference Count : 1]<UL><LI> startup_mkl46z4.o(RESET)
</UL>
<P><STRONG><a name="[20]"></a>RTC_Seconds_IRQHandler</STRONG> (Thumb, 0 bytes, Stack size 0 bytes, startup_mkl46z4.o(.text))
<BR>[Address Reference Count : 1]<UL><LI> startup_mkl46z4.o(RESET)
</UL>
<P><STRONG><a name="[f]"></a>Reserved20_IRQHandler</STRONG> (Thumb, 0 bytes, Stack size 0 bytes, startup_mkl46z4.o(.text))
<BR>[Address Reference Count : 1]<UL><LI> startup_mkl46z4.o(RESET)
</UL>
<P><STRONG><a name="[15]"></a>SPI0_IRQHandler</STRONG> (Thumb, 0 bytes, Stack size 0 bytes, startup_mkl46z4.o(.text))
<BR>[Address Reference Count : 1]<UL><LI> startup_mkl46z4.o(RESET)
</UL>
<P><STRONG><a name="[16]"></a>SPI1_IRQHandler</STRONG> (Thumb, 0 bytes, Stack size 0 bytes, startup_mkl46z4.o(.text))
<BR>[Address Reference Count : 1]<UL><LI> startup_mkl46z4.o(RESET)
</UL>
<P><STRONG><a name="[1c]"></a>TPM0_IRQHandler</STRONG> (Thumb, 0 bytes, Stack size 0 bytes, startup_mkl46z4.o(.text))
<BR>[Address Reference Count : 1]<UL><LI> startup_mkl46z4.o(RESET)
</UL>
<P><STRONG><a name="[1d]"></a>TPM1_IRQHandler</STRONG> (Thumb, 0 bytes, Stack size 0 bytes, startup_mkl46z4.o(.text))
<BR>[Address Reference Count : 1]<UL><LI> startup_mkl46z4.o(RESET)
</UL>
<P><STRONG><a name="[1e]"></a>TPM2_IRQHandler</STRONG> (Thumb, 0 bytes, Stack size 0 bytes, startup_mkl46z4.o(.text))
<BR>[Address Reference Count : 1]<UL><LI> startup_mkl46z4.o(RESET)
</UL>
<P><STRONG><a name="[25]"></a>TSI0_IRQHandler</STRONG> (Thumb, 0 bytes, Stack size 0 bytes, startup_mkl46z4.o(.text))
<BR>[Address Reference Count : 1]<UL><LI> startup_mkl46z4.o(RESET)
</UL>
<P><STRONG><a name="[18]"></a>UART1_IRQHandler</STRONG> (Thumb, 0 bytes, Stack size 0 bytes, startup_mkl46z4.o(.text))
<BR>[Address Reference Count : 1]<UL><LI> startup_mkl46z4.o(RESET)
</UL>
<P><STRONG><a name="[19]"></a>UART2_IRQHandler</STRONG> (Thumb, 0 bytes, Stack size 0 bytes, startup_mkl46z4.o(.text))
<BR>[Address Reference Count : 1]<UL><LI> startup_mkl46z4.o(RESET)
</UL>
<P><STRONG><a name="[23]"></a>USB0_IRQHandler</STRONG> (Thumb, 0 bytes, Stack size 0 bytes, startup_mkl46z4.o(.text))
<BR>[Address Reference Count : 1]<UL><LI> startup_mkl46z4.o(RESET)
</UL>
<P><STRONG><a name="[2f]"></a>__user_initial_stackheap</STRONG> (Thumb, 0 bytes, Stack size unknown bytes, startup_mkl46z4.o(.text))
<BR><BR>[Called By]<UL><LI><a href="#[35]">&gt;&gt;</a>&nbsp;&nbsp;&nbsp;__user_setup_stackheap
</UL>

<P><STRONG><a name="[79]"></a>__use_two_region_memory</STRONG> (Thumb, 2 bytes, Stack size 0 bytes, heapauxi.o(.text), UNUSED)

<P><STRONG><a name="[7a]"></a>__rt_heap_escrow$2region</STRONG> (Thumb, 2 bytes, Stack size 0 bytes, heapauxi.o(.text), UNUSED)

<P><STRONG><a name="[7b]"></a>__rt_heap_expand$2region</STRONG> (Thumb, 2 bytes, Stack size 0 bytes, heapauxi.o(.text), UNUSED)

<P><STRONG><a name="[35]"></a>__user_setup_stackheap</STRONG> (Thumb, 62 bytes, Stack size 8 bytes, sys_stackheap_outer.o(.text))
<BR><BR>[Stack]<UL><LI>Max Depth = 8 + Unknown Stack Size
<LI>Call Chain = __user_setup_stackheap
</UL>
<BR>[Calls]<UL><LI><a href="#[3f]">&gt;&gt;</a>&nbsp;&nbsp;&nbsp;__user_perproc_libspace
<LI><a href="#[2f]">&gt;&gt;</a>&nbsp;&nbsp;&nbsp;__user_initial_stackheap
</UL>
<BR>[Called By]<UL><LI><a href="#[34]">&gt;&gt;</a>&nbsp;&nbsp;&nbsp;__rt_entry_sh
</UL>

<P><STRONG><a name="[3a]"></a>exit</STRONG> (Thumb, 16 bytes, Stack size 8 bytes, exit.o(.text))
<BR><BR>[Stack]<UL><LI>Max Depth = 8 + Unknown Stack Size
<LI>Call Chain = exit
</UL>
<BR>[Calls]<UL><LI><a href="#[41]">&gt;&gt;</a>&nbsp;&nbsp;&nbsp;__rt_exit
<LI><a href="#[40]">&gt;&gt;</a>&nbsp;&nbsp;&nbsp;_call_atexit_fns (Weak Reference)
</UL>
<BR>[Called By]<UL><LI><a href="#[38]">&gt;&gt;</a>&nbsp;&nbsp;&nbsp;__rt_entry_main
</UL>

<P><STRONG><a name="[7c]"></a>__user_libspace</STRONG> (Thumb, 8 bytes, Stack size 0 bytes, libspace.o(.text), UNUSED)

<P><STRONG><a name="[3f]"></a>__user_perproc_libspace</STRONG> (Thumb, 0 bytes, Stack size 0 bytes, libspace.o(.text))
<BR><BR>[Called By]<UL><LI><a href="#[35]">&gt;&gt;</a>&nbsp;&nbsp;&nbsp;__user_setup_stackheap
</UL>

<P><STRONG><a name="[7d]"></a>__user_perthread_libspace</STRONG> (Thumb, 0 bytes, Stack size 0 bytes, libspace.o(.text), UNUSED)

<P><STRONG><a name="[3e]"></a>_sys_exit</STRONG> (Thumb, 8 bytes, Stack size 0 bytes, sys_exit.o(.text))
<BR><BR>[Called By]<UL><LI><a href="#[3d]">&gt;&gt;</a>&nbsp;&nbsp;&nbsp;__rt_exit_exit
</UL>

<P><STRONG><a name="[7e]"></a>__I$use$semihosting</STRONG> (Thumb, 0 bytes, Stack size 0 bytes, use_no_semi.o(.text), UNUSED)

<P><STRONG><a name="[7f]"></a>__use_no_semihosting_swi</STRONG> (Thumb, 2 bytes, Stack size 0 bytes, use_no_semi.o(.text), UNUSED)

<P><STRONG><a name="[80]"></a>__decompress</STRONG> (Thumb, 0 bytes, Stack size unknown bytes, __dczerorl.o(.text), UNUSED)

<P><STRONG><a name="[81]"></a>__decompress0</STRONG> (Thumb, 58 bytes, Stack size unknown bytes, __dczerorl.o(.text), UNUSED)

<P><STRONG><a name="[82]"></a>__semihosting_library_function</STRONG> (Thumb, 0 bytes, Stack size unknown bytes, indicate_semi.o(.text), UNUSED)

<P><STRONG><a name="[21]"></a>PIT_IRQHandler</STRONG> (Thumb, 18 bytes, Stack size 0 bytes, pittimer.o(i.PIT_IRQHandler))
<BR>[Address Reference Count : 1]<UL><LI> startup_mkl46z4.o(RESET)
</UL>
<P><STRONG><a name="[2b]"></a>SystemInit</STRONG> (Thumb, 180 bytes, Stack size 0 bytes, system_mkl46z4.o(i.SystemInit))
<BR>[Address Reference Count : 1]<UL><LI> startup_mkl46z4.o(.text)
</UL>
<P><STRONG><a name="[51]"></a>__ARM_common_switch8</STRONG> (Thumb, 28 bytes, Stack size 8 bytes, pindriver.o(i.__ARM_common_switch8))
<BR><BR>[Stack]<UL><LI>Max Depth = 8<LI>Call Chain = __ARM_common_switch8
</UL>
<BR>[Called By]<UL><LI><a href="#[54]">&gt;&gt;</a>&nbsp;&nbsp;&nbsp;turnOn
<LI><a href="#[55]">&gt;&gt;</a>&nbsp;&nbsp;&nbsp;turnOff
<LI><a href="#[53]">&gt;&gt;</a>&nbsp;&nbsp;&nbsp;readPin
<LI><a href="#[43]">&gt;&gt;</a>&nbsp;&nbsp;&nbsp;enablePin
</UL>

<P><STRONG><a name="[52]"></a>initPIT</STRONG> (Thumb, 86 bytes, Stack size 0 bytes, pittimer.o(i.initPIT))
<BR><BR>[Called By]<UL><LI><a href="#[39]">&gt;&gt;</a>&nbsp;&nbsp;&nbsp;main
</UL>

<P><STRONG><a name="[42]"></a>initPins</STRONG> (Thumb, 42 bytes, Stack size 24 bytes, main.o(i.initPins))
<BR><BR>[Stack]<UL><LI>Max Depth = 44<LI>Call Chain = initPins &rArr; enablePin &rArr; __ARM_common_switch8
</UL>
<BR>[Calls]<UL><LI><a href="#[43]">&gt;&gt;</a>&nbsp;&nbsp;&nbsp;enablePin
</UL>
<BR>[Called By]<UL><LI><a href="#[39]">&gt;&gt;</a>&nbsp;&nbsp;&nbsp;main
</UL>

<P><STRONG><a name="[17]"></a>UART0_IRQHandler</STRONG> (Thumb, 60 bytes, Stack size 0 bytes, mixedassembly.o(MyCode))
<BR><BR>[Calls]<UL><LI><a href="#[44]">&gt;&gt;</a>&nbsp;&nbsp;&nbsp;DEQUEUE
<LI><a href="#[45]">&gt;&gt;</a>&nbsp;&nbsp;&nbsp;ENQUEUE
</UL>
<BR>[Address Reference Count : 1]<UL><LI> startup_mkl46z4.o(RESET)
</UL>
<P><STRONG><a name="[46]"></a>Init_UART0_IRQ</STRONG> (Thumb, 140 bytes, Stack size 0 bytes, mixedassembly.o(MyCode))
<BR><BR>[Calls]<UL><LI><a href="#[47]">&gt;&gt;</a>&nbsp;&nbsp;&nbsp;InitQueue
</UL>
<BR>[Called By]<UL><LI><a href="#[39]">&gt;&gt;</a>&nbsp;&nbsp;&nbsp;main
</UL>

<P><STRONG><a name="[48]"></a>PutChar</STRONG> (Thumb, 34 bytes, Stack size 0 bytes, mixedassembly.o(MyCode))
<BR><BR>[Calls]<UL><LI><a href="#[45]">&gt;&gt;</a>&nbsp;&nbsp;&nbsp;ENQUEUE
</UL>
<BR>[Called By]<UL><LI><a href="#[4f]">&gt;&gt;</a>&nbsp;&nbsp;&nbsp;PutNumHex
<LI><a href="#[4b]">&gt;&gt;</a>&nbsp;&nbsp;&nbsp;GetStringSB
<LI><a href="#[4d]">&gt;&gt;</a>&nbsp;&nbsp;&nbsp;PutNumU
<LI><a href="#[4c]">&gt;&gt;</a>&nbsp;&nbsp;&nbsp;PutStringSB
</UL>

<P><STRONG><a name="[49]"></a>GetChar</STRONG> (Thumb, 24 bytes, Stack size 0 bytes, mixedassembly.o(MyCode), UNUSED)
<BR><BR>[Calls]<UL><LI><a href="#[44]">&gt;&gt;</a>&nbsp;&nbsp;&nbsp;DEQUEUE
</UL>
<BR>[Called By]<UL><LI><a href="#[4b]">&gt;&gt;</a>&nbsp;&nbsp;&nbsp;GetStringSB
</UL>

<P><STRONG><a name="[4a]"></a>GetCharNoBlock</STRONG> (Thumb, 26 bytes, Stack size 0 bytes, mixedassembly.o(MyCode), UNUSED)
<BR><BR>[Calls]<UL><LI><a href="#[44]">&gt;&gt;</a>&nbsp;&nbsp;&nbsp;DEQUEUE
</UL>

<P><STRONG><a name="[4b]"></a>GetStringSB</STRONG> (Thumb, 92 bytes, Stack size 0 bytes, mixedassembly.o(MyCode), UNUSED)
<BR><BR>[Calls]<UL><LI><a href="#[49]">&gt;&gt;</a>&nbsp;&nbsp;&nbsp;GetChar
<LI><a href="#[48]">&gt;&gt;</a>&nbsp;&nbsp;&nbsp;PutChar
</UL>

<P><STRONG><a name="[4c]"></a>PutStringSB</STRONG> (Thumb, 32 bytes, Stack size 0 bytes, mixedassembly.o(MyCode))
<BR><BR>[Calls]<UL><LI><a href="#[48]">&gt;&gt;</a>&nbsp;&nbsp;&nbsp;PutChar
</UL>
<BR>[Called By]<UL><LI><a href="#[39]">&gt;&gt;</a>&nbsp;&nbsp;&nbsp;main
</UL>

<P><STRONG><a name="[4f]"></a>PutNumHex</STRONG> (Thumb, 50 bytes, Stack size 0 bytes, mixedassembly.o(MyCode), UNUSED)
<BR><BR>[Calls]<UL><LI><a href="#[48]">&gt;&gt;</a>&nbsp;&nbsp;&nbsp;PutChar
</UL>

<P><STRONG><a name="[50]"></a>PutNumUB</STRONG> (Thumb, 12 bytes, Stack size 0 bytes, mixedassembly.o(MyCode), UNUSED)
<BR><BR>[Calls]<UL><LI><a href="#[4d]">&gt;&gt;</a>&nbsp;&nbsp;&nbsp;PutNumU
</UL>

<P><STRONG><a name="[43]"></a>enablePin</STRONG> (Thumb, 244 bytes, Stack size 12 bytes, pindriver.o(i.enablePin))
<BR><BR>[Stack]<UL><LI>Max Depth = 20<LI>Call Chain = enablePin &rArr; __ARM_common_switch8
</UL>
<BR>[Calls]<UL><LI><a href="#[51]">&gt;&gt;</a>&nbsp;&nbsp;&nbsp;__ARM_common_switch8
</UL>
<BR>[Called By]<UL><LI><a href="#[42]">&gt;&gt;</a>&nbsp;&nbsp;&nbsp;initPins
</UL>

<P><STRONG><a name="[39]"></a>main</STRONG> (Thumb, 76 bytes, Stack size 0 bytes, main.o(i.main))
<BR><BR>[Stack]<UL><LI>Max Depth = 44<LI>Call Chain = main &rArr; initPins &rArr; enablePin &rArr; __ARM_common_switch8
</UL>
<BR>[Calls]<UL><LI><a href="#[54]">&gt;&gt;</a>&nbsp;&nbsp;&nbsp;turnOn
<LI><a href="#[55]">&gt;&gt;</a>&nbsp;&nbsp;&nbsp;turnOff
<LI><a href="#[53]">&gt;&gt;</a>&nbsp;&nbsp;&nbsp;readPin
<LI><a href="#[52]">&gt;&gt;</a>&nbsp;&nbsp;&nbsp;initPIT
<LI><a href="#[4c]">&gt;&gt;</a>&nbsp;&nbsp;&nbsp;PutStringSB
<LI><a href="#[46]">&gt;&gt;</a>&nbsp;&nbsp;&nbsp;Init_UART0_IRQ
<LI><a href="#[42]">&gt;&gt;</a>&nbsp;&nbsp;&nbsp;initPins
</UL>
<BR>[Called By]<UL><LI><a href="#[38]">&gt;&gt;</a>&nbsp;&nbsp;&nbsp;__rt_entry_main
</UL>

<P><STRONG><a name="[53]"></a>readPin</STRONG> (Thumb, 154 bytes, Stack size 4 bytes, pindriver.o(i.readPin))
<BR><BR>[Stack]<UL><LI>Max Depth = 12<LI>Call Chain = readPin &rArr; __ARM_common_switch8
</UL>
<BR>[Calls]<UL><LI><a href="#[51]">&gt;&gt;</a>&nbsp;&nbsp;&nbsp;__ARM_common_switch8
</UL>
<BR>[Called By]<UL><LI><a href="#[39]">&gt;&gt;</a>&nbsp;&nbsp;&nbsp;main
</UL>

<P><STRONG><a name="[55]"></a>turnOff</STRONG> (Thumb, 124 bytes, Stack size 4 bytes, pindriver.o(i.turnOff))
<BR><BR>[Stack]<UL><LI>Max Depth = 12<LI>Call Chain = turnOff &rArr; __ARM_common_switch8
</UL>
<BR>[Calls]<UL><LI><a href="#[51]">&gt;&gt;</a>&nbsp;&nbsp;&nbsp;__ARM_common_switch8
</UL>
<BR>[Called By]<UL><LI><a href="#[39]">&gt;&gt;</a>&nbsp;&nbsp;&nbsp;main
</UL>

<P><STRONG><a name="[54]"></a>turnOn</STRONG> (Thumb, 124 bytes, Stack size 4 bytes, pindriver.o(i.turnOn))
<BR><BR>[Stack]<UL><LI>Max Depth = 12<LI>Call Chain = turnOn &rArr; __ARM_common_switch8
</UL>
<BR>[Calls]<UL><LI><a href="#[51]">&gt;&gt;</a>&nbsp;&nbsp;&nbsp;__ARM_common_switch8
</UL>
<BR>[Called By]<UL><LI><a href="#[39]">&gt;&gt;</a>&nbsp;&nbsp;&nbsp;main
</UL>
<P>
<H3>
Local Symbols
</H3>
<P><STRONG><a name="[4e]"></a>DIVU</STRONG> (Thumb, 44 bytes, Stack size 0 bytes, mixedassembly.o(MyCode), UNUSED)
<BR><BR>[Called By]<UL><LI><a href="#[4d]">&gt;&gt;</a>&nbsp;&nbsp;&nbsp;PutNumU
</UL>

<P><STRONG><a name="[4d]"></a>PutNumU</STRONG> (Thumb, 68 bytes, Stack size 0 bytes, mixedassembly.o(MyCode), UNUSED)
<BR><BR>[Calls]<UL><LI><a href="#[48]">&gt;&gt;</a>&nbsp;&nbsp;&nbsp;PutChar
<LI><a href="#[4e]">&gt;&gt;</a>&nbsp;&nbsp;&nbsp;DIVU
</UL>
<BR>[Called By]<UL><LI><a href="#[50]">&gt;&gt;</a>&nbsp;&nbsp;&nbsp;PutNumUB
</UL>

<P><STRONG><a name="[47]"></a>InitQueue</STRONG> (Thumb, 22 bytes, Stack size 0 bytes, mixedassembly.o(MyCode))
<BR><BR>[Called By]<UL><LI><a href="#[46]">&gt;&gt;</a>&nbsp;&nbsp;&nbsp;Init_UART0_IRQ
</UL>

<P><STRONG><a name="[45]"></a>ENQUEUE</STRONG> (Thumb, 76 bytes, Stack size 0 bytes, mixedassembly.o(MyCode))
<BR><BR>[Called By]<UL><LI><a href="#[48]">&gt;&gt;</a>&nbsp;&nbsp;&nbsp;PutChar
<LI><a href="#[17]">&gt;&gt;</a>&nbsp;&nbsp;&nbsp;UART0_IRQHandler
</UL>

<P><STRONG><a name="[44]"></a>DEQUEUE</STRONG> (Thumb, 98 bytes, Stack size 0 bytes, mixedassembly.o(MyCode))
<BR><BR>[Called By]<UL><LI><a href="#[4a]">&gt;&gt;</a>&nbsp;&nbsp;&nbsp;GetCharNoBlock
<LI><a href="#[49]">&gt;&gt;</a>&nbsp;&nbsp;&nbsp;GetChar
<LI><a href="#[17]">&gt;&gt;</a>&nbsp;&nbsp;&nbsp;UART0_IRQHandler
</UL>
<P>
<H3>
Undefined Global Symbols
</H3>
<P><STRONG><a name="[40]"></a>_call_atexit_fns</STRONG> (ARM, 0 bytes, Stack size 0 bytes, UNDEFINED)
<BR><BR>[Called By]<UL><LI><a href="#[3a]">&gt;&gt;</a>&nbsp;&nbsp;&nbsp;exit
</UL>
<HR></body></html>
